Testing unified analyzer with synthetic audio...


======================================================================
SONIC AI UNIFIED ANALYZER
======================================================================
STAGE 1: Preprocessing...
STAGE 2: Spectral Analysis...
STAGE 3: Pitch Detection...
STAGE 4: Key Detection...
STAGE 5: Tempo Detection...
STAGE 6: Chord Detection...
STAGE 7: Spectral Balance Analysis...
STAGE 8: Loudness Metering...
STAGE 9: Harmonic Complexity...
STAGE 10: Melodic Contour...
======================================================================
ANALYSIS COMPLETE
======================================================================


======================================================================
ANALYSIS REPORT
======================================================================

Key: G Major (confidence: 0.782)
Tempo: 120.18531976744185 BPM (confidence: 0.7)
Chord: C Major 7 (confidence: 1.0)

Spectral Balance:
  Low: 100.0%
  Mid: 0.0%
  High: 0.0%

Loudness: 24.0 LUFS
Harmonic Complexity: 0.82
Melodic Contour: stable

Pitch Distribution:
  B: 13.3%
  C: 20.0%
  C#: 13.3%
  D: 20.0%
  D#: 13.3%
  E: 6.7%
  F: 6.7%
  F#: 3.3%
  G: 3.3%

======================================================================

JSON OUTPUT (for APIs/UIs):
{
  "timestamp": "2026-03-17T01:01:29.415609",
  "duration": 3,
  "sample_rate": 44100,
  "key": "G Major",
  "key_confidence": 0.782,
  "tempo": 120.18531976744185,
  "tempo_confidence": 0.7,
  "chord": "C Major 7",
  "chord_confidence": 1.0,
  "mix_balance": {
    "low": 100.0,
    "mid": 0.0,
    "high": 0.0
  },
  "lufs": 24.0,
  "harmonic_complexity": 0.82,
  "melodic_contour": "stable",
  "pitch_distribution": {
    "C": 20.0,
    "C#": 13.3,
    "D": 20.0,
    "D#": 13.3,
    "E": 6.7,
    "F": 6.7,
    "F#": 3.3,
    "G": 3.3,
    "B": 13.3
  },
  "spectral_peaks": [
    {
      "freq": 62.0,
      "magnitude": 5601.4388673841995
    },
    {
      "freq": 64.0,
      "magnitude": 8256.011531675591
    },
    {
      "freq": 60.33333333333333,
      "magnitude": 1.747407146276731
    },
    {
      "freq": 66.0,
      "magnitude": 7920.167803959948
    },
    {
      "freq": 62.33333333333333,
      "magnitude": 4.4813554222638885
    },
    {
      "freq": 61.666666666666664,
      "magnitude": 11155.626496396275
    },
    {
      "freq": 64.33333333333333,
      "magnitude": 7.149348151168046
    },
    {
      "freq": 63.666666666666664,
      "magnitude": 16441.922010361464
    },
    {
      "freq": 66.33333333333333,
      "magnitude": 7.206864066108684
    },
    {
      "freq": 65.66666666666666,
      "magnitude": 15772.444075111705
    },
    {
      "freq": 68.0,
      "magnitude": 4944.887409064827
    },
    {
      "freq": 74.0,
      "magnitude": 6774.70369189401
    },
    {
      "freq": 76.0,
      "magnitude": 6529.450269653358
    },
    {
      "freq": 72.0,
      "magnitude": 4573.609738476991
    },
    {
      "freq": 68.33333333333333,
      "magnitude": 4.77842633211991
    },
    {
      "freq": 67.66666666666666,
      "magnitude": 9847.149251746076
    },
    {
      "freq": 84.0,
      "magnitude": 5677.641192201412
    },
    {
      "freq": 74.33333333333333,
      "magnitude": 6.338817578091947
    },
    {
      "freq": 73.66666666666666,
      "magnitude": 13487.300706763557
    },
    {
      "freq": 86.0,
      "magnitude": 5492.02566263889
    },
    {
      "freq": 78.0,
      "magnitude": 4094.6778496968905
    },
    {
      "freq": 76.33333333333333,
      "magnitude": 6.401788909997092
    },
    {
      "freq": 75.66666666666666,
      "magnitude": 12998.50512013058
    },
    {
      "freq": 82.0,
      "magnitude": 3818.6534163756405
    },
    {
      "freq": 72.33333333333333,
      "magnitude": 4.117643233879391
    },
    {
      "freq": 71.66666666666666,
      "magnitude": 9106.815065322557
    },
    {
      "freq": 70.0,
      "magnitude": 1877.1041736505263
    },
    {
      "freq": 94.0,
      "magnitude": 4838.236439693053
    },
    {
      "freq": 96.0,
      "magnitude": 4693.788748860299
    },
    {
      "freq": 88.0,
      "magnitude": 3456.0834467777127
    }
  ]
}
